
R version 4.5.2 Patched (2025-10-31 r88977) -- "[Not] Part in a Rumble"
Copyright (C) 2025 The R Foundation for Statistical Computing
Platform: aarch64-apple-darwin20

R is free software and comes with ABSOLUTELY NO WARRANTY.
You are welcome to redistribute it under certain conditions.
Type 'license()' or 'licence()' for distribution details.

  Natural language support but running in an English locale

R is a collaborative project with many contributors.
Type 'contributors()' for more information and
'citation()' on how to cite R or R packages in publications.

Type 'demo()' for some demos, 'help()' for on-line help, or
'help.start()' for an HTML browser interface to help.
Type 'q()' to quit R.

> pkgname <- "rtemisutils"
> source(file.path(R.home("share"), "R", "examples-header.R"))
> options(warn = 1)
> library('rtemisutils')

Attaching package: â€˜rtemisutilsâ€™

The following object is masked from â€˜package:grDevicesâ€™:

    gray

> 
> base::assign(".oldSearch", base::search(), pos = 'CheckExEnv')
> base::assign(".old_wd", base::getwd(), pos = 'CheckExEnv')
> cleanEx()
> nameEx("check_dependencies")
> ### * check_dependencies
> 
> flush(stderr()); flush(stdout())
> 
> ### Name: check_dependencies
> ### Title: 'rtemis' internal: Dependencies check
> ### Aliases: check_dependencies
> 
> ### ** Examples
> 
> # This will throw an error if "unavailable" is not installed:
> # check_dependencies("unavailable")
> 
> 
> 
> cleanEx()
> nameEx("clean_colnames")
> ### * clean_colnames
> 
> flush(stderr()); flush(stdout())
> 
> ### Name: clean_colnames
> ### Title: Clean column names
> ### Aliases: clean_colnames
> 
> ### ** Examples
> 
> clean_colnames(iris)
[1] "Sepal_Length" "Sepal_Width"  "Petal_Length" "Petal_Width"  "Species"     
> 
> 
> 
> cleanEx()
> nameEx("clean_int")
> ### * clean_int
> 
> flush(stderr()); flush(stdout())
> 
> ### Name: clean_int
> ### Title: Clean integer input
> ### Aliases: clean_int
> 
> ### ** Examples
> 
> ## Not run: 
> ##D clean_int(6L)
> ##D clean_int(3)
> ##D clean_int(12.1) # Error
> ##D clean_int(c(3, 5, 7))
> ##D clean_int(c(3, 5, 7.01)) # Error
> ## End(Not run)
> 
> 
> 
> cleanEx()
> nameEx("clean_names")
> ### * clean_names
> 
> flush(stderr()); flush(stdout())
> 
> ### Name: clean_names
> ### Title: Clean names
> ### Aliases: clean_names
> 
> ### ** Examples
> 
> x <- c("Patient ID", "_Date-of-Birth", "SBP (mmHg)")
> x
[1] "Patient ID"     "_Date-of-Birth" "SBP (mmHg)"    
> clean_names(x)
[1] "Patient_ID"    "Date_of_Birth" "SBP_mmHg"     
> 
> 
> 
> cleanEx()
> nameEx("col2grayscale")
> ### * col2grayscale
> 
> flush(stderr()); flush(stdout())
> 
> ### Name: col2grayscale
> ### Title: Color to Grayscale
> ### Aliases: col2grayscale
> 
> ### ** Examples
> 
> ## Not run: 
> ##D col2grayscale("red")
> ##D col2grayscale("red", "dec")
> ## End(Not run)
> 
> 
> 
> cleanEx()
> nameEx("col2hex")
> ### * col2hex
> 
> flush(stderr()); flush(stdout())
> 
> ### Name: col2hex
> ### Title: Convert R color to hexadecimal code
> ### Aliases: col2hex
> 
> ### ** Examples
> 
> ## Not run: 
> ##D col2hex(c("gray50", "skyblue"))
> ## End(Not run)
> 
> 
> 
> cleanEx()
> nameEx("color_invertRGB")
> ### * color_invertRGB
> 
> flush(stderr()); flush(stdout())
> 
> ### Name: color_invertRGB
> ### Title: Invert Color in RGB space
> ### Aliases: color_invertRGB
> 
> ### ** Examples
> 
> ## Not run: 
> ##D cols <- c("red", "green", "blue")
> ##D previewcolor(cols)
> ##D cols |>
> ##D   color_invertRGB() |>
> ##D   previewcolor()
> ## End(Not run)
> 
> 
> 
> cleanEx()
> nameEx("color_mix")
> ### * color_mix
> 
> flush(stderr()); flush(stdout())
> 
> ### Name: color_mix
> ### Title: Create an alternating sequence of graded colors
> ### Aliases: color_mix
> 
> ### ** Examples
> 
> ## Not run: 
> ##D color <- list(
> ##D   blue = c("#82afd3", "#000f3a"),
> ##D   gray = c("gray10", "gray85")
> ##D )
> ##D previewcolor(desaturate(color_mix(color, 6), .3))
> ##D 
> ##D color <- list(
> ##D   blue = c("#82afd3", "#57000a"),
> ##D   gray = c("gray10", "gray85")
> ##D )
> ##D previewcolor(desaturate(color_mix(color, 6), .3))
> ##D 
> ##D color <- list(
> ##D   blue = c("#82afd3", "#000f3a"),
> ##D   purple = c("#23001f", "#c480c1")
> ##D )
> ##D previewcolor(desaturate(color_mix(color, 5), .3))
> ## End(Not run)
> 
> 
> 
> cleanEx()
> nameEx("ddSci")
> ### * ddSci
> 
> flush(stderr()); flush(stdout())
> 
> ### Name: ddSci
> ### Title: Format Numbers for Printing
> ### Aliases: ddSci
> 
> ### ** Examples
> 
> x <- .34876549
> ddSci(x)
[1] "0.35"
> # "0.35"
> x <- .00000000457823
> ddSci(x)
[1] "4.6e-09"
> # "4.6e-09"
> 
> 
> 
> cleanEx()
> nameEx("desaturate")
> ### * desaturate
> 
> flush(stderr()); flush(stdout())
> 
> ### Name: desaturate
> ### Title: Pastelify a color (make a color more pastel)
> ### Aliases: desaturate
> 
> ### ** Examples
> 
> ## Not run: 
> ##D cols <- c("red", "green", "blue")
> ##D previewcolor(cols)
> ##D cols_d <- desaturate(cols)
> ##D previewcolor(cols_d)
> ## End(Not run)
> 
> 
> 
> cleanEx()
> nameEx("df_movecolumn")
> ### * df_movecolumn
> 
> flush(stderr()); flush(stdout())
> 
> ### Name: df_movecolumn
> ### Title: Move data frame column
> ### Aliases: df_movecolumn
> 
> ### ** Examples
> 
> ## Not run: 
> ##D ir <- df_movecolumn(iris, colname = "Species", to = 1L)
> ## End(Not run)
> 
> 
> 
> cleanEx()
> nameEx("drange")
> ### * drange
> 
> flush(stderr()); flush(stdout())
> 
> ### Name: drange
> ### Title: Set Dynamic Range
> ### Aliases: drange
> 
> ### ** Examples
> 
> ## Not run: 
> ##D x <- runif(20, -10, 10)
> ##D x <- drange(x)
> ## End(Not run)
> 
> 
> 
> cleanEx()
> nameEx("dt_describe")
> ### * dt_describe
> 
> flush(stderr()); flush(stdout())
> 
> ### Name: dt_describe
> ### Title: Describe data.table
> ### Aliases: dt_describe
> 
> ### ** Examples
> 
> library(data.table)
> origin <- as.POSIXct("2022-01-01 00:00:00", tz = "America/Los_Angeles")
> x <- data.table(
+   ID = paste0("ID", 1:10),
+   V1 = rnorm(10),
+   V2 = rnorm(10, 20, 3),
+   V1_datetime = as.POSIXct(
+     seq(
+       1, 1e7,
+       length.out = 10
+     ),
+     origin = origin
+   ),
+   V2_datetime = as.POSIXct(
+     seq(
+       1, 1e7,
+       length.out = 10
+     ),
+     origin = origin
+   ),
+   C1 = sample(c("alpha", "beta", "gamma"), 10, TRUE),
+   F1 = factor(sample(c("delta", "epsilon", "zeta"), 10, TRUE))
+ )
> 
> 
> 
> cleanEx()

detaching â€˜package:data.tableâ€™

> nameEx("dt_inspect_types")
> ### * dt_inspect_types
> 
> flush(stderr()); flush(stdout())
> 
> ### Name: dt_inspect_types
> ### Title: Inspect column types
> ### Aliases: dt_inspect_types
> 
> ### ** Examples
> 
> library(data.table)
> x <- data.table(
+   id = 8001:8006,
+   a = c("3", "5", "undefined", "21", "4", NA),
+   b = c("mango", "banana", "tangerine", NA, "apple", "kiwi"),
+   c = c(1, 2, 3, 4, 5, 6)
+ )
> dt_inspect_types(x)
[22;38;2;128;128;128m2026-02-07 13:13:18 [0m[0mPossible type error: [1;38;2;0;178;178ma[0m is a [1mcharacter[0m, but perhaps should be [1mnumeric[0m.[0m[22;38;2;128;128;128m [inspect_type][0m
[1] "a"
> 
> 
> 
> cleanEx()

detaching â€˜package:data.tableâ€™

> nameEx("dt_keybin_reshape")
> ### * dt_keybin_reshape
> 
> flush(stderr()); flush(stdout())
> 
> ### Name: dt_keybin_reshape
> ### Title: Long to wide key-value reshaping
> ### Aliases: dt_keybin_reshape
> 
> ### ** Examples
> 
> library(data.table)
> x <- data.table(
+   ID = rep(1:3, each = 2),
+   Dx = c("A", "C", "B", "C", "D", "A")
+ )
> dt_keybin_reshape(x, id_name = "ID", key_name = "Dx")
[22;38;2;128;128;128m2026-02-07 13:13:18 [0m[0mReshaping [1;38;2;0;178;178mx[0m to wide format...[0m[22;38;2;128;128;128m [dt_keybin_reshape][0m
       Input size [1;38;2;0;178;178m6[0m x [1;38;2;0;178;178m3[0m
      Output size [1;38;2;0;178;178m3[0m x [1;38;2;0;178;178m5[0m
Key: <ID>
      ID     A     B     C     D
   <int> <int> <int> <int> <int>
1:     1     1     0     1     0
2:     2     0     1     1     0
3:     3     1     0     0     1
> 
> 
> 
> cleanEx()

detaching â€˜package:data.tableâ€™

> nameEx("dt_merge")
> ### * dt_merge
> 
> flush(stderr()); flush(stdout())
> 
> ### Name: dt_merge
> ### Title: Merge data.tables
> ### Aliases: dt_merge
> 
> ### ** Examples
> 
> library(data.table)
> xleft <- data.table(ID = 1:5, Alpha = letters[1:5])
> xright <- data.table(ID = c(3, 4, 5, 6), Beta = LETTERS[3:6])
> xlr_inner <- dt_merge(xleft, xright, on = "ID", how = "inner")
[22;38;2;128;128;128m2026-02-07 13:13:18 [0m[0m[1m[1;38;2;0;178;178mâ¨[0m[0m Merging [1;38;2;0;178;178mxleft[0m & [1;38;2;0;178;178mxright[0m on [1;38;2;0;178;178mID[0m...[0m[22;38;2;128;128;128m [dt_merge][0m
            xleft [1;38;2;0;178;178m5[0m x [1;38;2;0;178;178m2[0m
           xright [1;38;2;0;178;178m4[0m x [1;38;2;0;178;178m2[0m
           Merged [1;38;2;0;178;178m3[0m x [1;38;2;0;178;178m3[0m
> 
> 
> 
> cleanEx()

detaching â€˜package:data.tableâ€™

> nameEx("dt_nunique_perfeat")
> ### * dt_nunique_perfeat
> 
> flush(stderr()); flush(stdout())
> 
> ### Name: dt_nunique_perfeat
> ### Title: Number of unique values per feature
> ### Aliases: dt_nunique_perfeat
> 
> ### ** Examples
> 
> library(data.table)
> ir <- as.data.table(iris)
> dt_nunique_perfeat(ir)
[22;2m  Sepal.Length[0m: 35
[22;2m   Sepal.Width[0m: 23
[22;2m  Petal.Length[0m: 43
[22;2m   Petal.Width[0m: 22
[22;2m       Species[0m: 3
> 
> 
> 
> cleanEx()

detaching â€˜package:data.tableâ€™

> nameEx("dt_pctmatch")
> ### * dt_pctmatch
> 
> flush(stderr()); flush(stdout())
> 
> ### Name: dt_pctmatch
> ### Title: Get N and percent match of values between two columns of two
> ###   data.tables
> ### Aliases: dt_pctmatch
> 
> ### ** Examples
> 
> library(data.table)
> x <- data.table(ID = 1:5, Alpha = letters[1:5])
> y <- data.table(ID = c(3, 4, 5, 6), Beta = LETTERS[3:6])
> dt_pctmatch(x, y, on = "ID")
[22;38;2;128;128;128m2026-02-07 13:13:18 [0m[0mMatched [1;38;2;0;178;178m3[0m/[1;38;2;0;178;178m5[0m on [1mID[0m ([1;38;2;0;178;178m60.00[0m%)[0m[22;38;2;128;128;128m [dt_pctmatch][0m
> 
> 
> 
> cleanEx()

detaching â€˜package:data.tableâ€™

> nameEx("dt_pctmissing")
> ### * dt_pctmissing
> 
> flush(stderr()); flush(stdout())
> 
> ### Name: dt_pctmissing
> ### Title: Get percent of missing values from every column
> ### Aliases: dt_pctmissing
> 
> ### ** Examples
> 
> library(data.table)
> x <- data.table(a = c(1, 2, NA, 4), b = c(NA, NA, 3, 4), c = c("A", "B", "C", NA))
> dt_pctmissing(x)
Percent missing per column:
[1m  a[0m: 0.25
[1m  b[0m: 0.50
[1m  c[0m: 0.25
> 
> 
> 
> cleanEx()

detaching â€˜package:data.tableâ€™

> nameEx("dt_set_autotypes")
> ### * dt_set_autotypes
> 
> flush(stderr()); flush(stdout())
> 
> ### Name: dt_set_autotypes
> ### Title: Set column types automatically
> ### Aliases: dt_set_autotypes
> 
> ### ** Examples
> 
> library(data.table)
> x <- data.table(
+   id = 8001:8006,
+   a = c("3", "5", "undefined", "21", "4", NA),
+   b = c("mango", "banana", "tangerine", NA, "apple", "kiwi"),
+   c = c(1, 2, 3, 4, 5, 6)
+ )
> str(x)
Classes â€˜data.tableâ€™ and 'data.frame':	6 obs. of  4 variables:
 $ id: int  8001 8002 8003 8004 8005 8006
 $ a : chr  "3" "5" "undefined" "21" ...
 $ b : chr  "mango" "banana" "tangerine" NA ...
 $ c : num  1 2 3 4 5 6
 - attr(*, ".internal.selfref")=<externalptr> 
> # ***in-place*** operation means no assignment is needed
> dt_set_autotypes(x)
[22;38;2;128;128;128m2026-02-07 13:13:18 [0m[0mConverting [1;38;2;0;178;178ma[0m to [1mnumeric[0m[0m[22;38;2;128;128;128m [dt_set_autotypes][0m
> str(x)
Classes â€˜data.tableâ€™ and 'data.frame':	6 obs. of  4 variables:
 $ id: int  8001 8002 8003 8004 8005 8006
 $ a : num  3 5 NA 21 4 NA
 $ b : chr  "mango" "banana" "tangerine" NA ...
 $ c : num  1 2 3 4 5 6
 - attr(*, ".internal.selfref")=<externalptr> 
> 
> # Try excluding column 'a' from autotyping
> x <- data.table(
+   id = 8001:8006,
+   a = c("3", "5", "undefined", "21", "4", NA),
+   b = c("mango", "banana", "tangerine", NA, "apple", "kiwi"),
+   c = c(1, 2, 3, 4, 5, 6)
+ )
> str(x)
Classes â€˜data.tableâ€™ and 'data.frame':	6 obs. of  4 variables:
 $ id: int  8001 8002 8003 8004 8005 8006
 $ a : chr  "3" "5" "undefined" "21" ...
 $ b : chr  "mango" "banana" "tangerine" NA ...
 $ c : num  1 2 3 4 5 6
 - attr(*, ".internal.selfref")=<externalptr> 
> # exclude column 'a' from autotyping
> dt_set_autotypes(x, cols = setdiff(names(x), "a"))
> str(x)
Classes â€˜data.tableâ€™ and 'data.frame':	6 obs. of  4 variables:
 $ id: int  8001 8002 8003 8004 8005 8006
 $ a : chr  "3" "5" "undefined" "21" ...
 $ b : chr  "mango" "banana" "tangerine" NA ...
 $ c : num  1 2 3 4 5 6
 - attr(*, ".internal.selfref")=<externalptr> 
> 
> 
> 
> cleanEx()

detaching â€˜package:data.tableâ€™

> nameEx("dt_set_clean_all")
> ### * dt_set_clean_all
> 
> flush(stderr()); flush(stdout())
> 
> ### Name: dt_set_clean_all
> ### Title: Clean column names and factor levels _*in-place*_
> ### Aliases: dt_set_clean_all
> 
> ### ** Examples
> 
> library(data.table)
> x <- as.data.table(iris)
> levels(x[["Species"]]) <- c("setosa:iris", "versicolor$iris", "virginica iris")
> names(x)
[1] "Sepal.Length" "Sepal.Width"  "Petal.Length" "Petal.Width"  "Species"     
> levels(x[["Species"]])
[1] "setosa:iris"     "versicolor$iris" "virginica iris" 
> # ***in-place*** operation means no assignment is needed
> dt_set_clean_all(x)
> names(x)
[1] "Sepal_Length" "Sepal_Width"  "Petal_Length" "Petal_Width"  "Species"     
> levels(x[["Species"]])
[1] "setosa_iris"     "versicolor_iris" "virginica_iris" 
> 
> 
> 
> cleanEx()

detaching â€˜package:data.tableâ€™

> nameEx("dt_set_cleanfactorlevels")
> ### * dt_set_cleanfactorlevels
> 
> flush(stderr()); flush(stdout())
> 
> ### Name: dt_set_cleanfactorlevels
> ### Title: Clean factor levels of data.table _*in-place*_
> ### Aliases: dt_set_cleanfactorlevels
> 
> ### ** Examples
> 
> library(data.table)
> x <- as.data.table(iris)
> levels(x[["Species"]]) <- c("setosa:iris", "versicolor$iris", "virginica iris")
> levels(x[["Species"]])
[1] "setosa:iris"     "versicolor$iris" "virginica iris" 
> dt_set_cleanfactorlevels(x)
> levels(x[["Species"]])
[1] "setosa_iris"     "versicolor_iris" "virginica_iris" 
> 
> 
> 
> cleanEx()

detaching â€˜package:data.tableâ€™

> nameEx("dt_set_logical2factor")
> ### * dt_set_logical2factor
> 
> flush(stderr()); flush(stdout())
> 
> ### Name: dt_set_logical2factor
> ### Title: Convert data.table logical columns to factors
> ### Aliases: dt_set_logical2factor
> 
> ### ** Examples
> 
> library(data.table)
> x <- data.table(a = 1:5, b = c(TRUE, FALSE, FALSE, FALSE, TRUE))
> x
       a      b
   <int> <lgcl>
1:     1   TRUE
2:     2  FALSE
3:     3  FALSE
4:     4  FALSE
5:     5   TRUE
> dt_set_logical2factor(x)
> x
> z <- data.table(
+   alpha = 1:5,
+   beta = c(TRUE, FALSE, TRUE, NA, TRUE),
+   gamma = c(FALSE, FALSE, TRUE, FALSE, NA)
+ )
> # You can usee fillNA to fill NA values with a constant
> dt_set_logical2factor(z, cols = "beta", labels = c("No", "Yes"), fillNA = "No")
> z
> w <- data.table(mango = 1:5, banana = c(FALSE, FALSE, TRUE, TRUE, FALSE))
> w
   mango banana
   <int> <lgcl>
1:     1  FALSE
2:     2  FALSE
3:     3   TRUE
4:     4   TRUE
5:     5  FALSE
> dt_set_logical2factor(w, cols = 2, labels = c("Ugh", "Huh"))
> w
> # Column attributes are maintained by default:
> z <- data.table(
+   alpha = 1:5,
+   beta = c(TRUE, FALSE, TRUE, NA, TRUE),
+   gamma = c(FALSE, FALSE, TRUE, FALSE, NA)
+ )
> for (i in seq_along(z)) setattr(z[[i]], "source", "Guava")
> str(z)
Classes â€˜data.tableâ€™ and 'data.frame':	5 obs. of  3 variables:
 $ alpha: int  1 2 3 4 5
  ..- attr(*, "source")= chr "Guava"
 $ beta : logi  TRUE FALSE TRUE NA TRUE
  ..- attr(*, "source")= chr "Guava"
 $ gamma: logi  FALSE FALSE TRUE FALSE NA
  ..- attr(*, "source")= chr "Guava"
 - attr(*, ".internal.selfref")=<externalptr> 
> dt_set_logical2factor(z, cols = "beta", labels = c("No", "Yes"))
> str(z)
Classes â€˜data.tableâ€™ and 'data.frame':	5 obs. of  3 variables:
 $ alpha: int  1 2 3 4 5
  ..- attr(*, "source")= chr "Guava"
 $ beta : Factor w/ 2 levels "No","Yes": 2 1 2 NA 2
  ..- attr(*, "source")= chr "Guava"
 $ gamma: logi  FALSE FALSE TRUE FALSE NA
  ..- attr(*, "source")= chr "Guava"
 - attr(*, ".internal.selfref")=<externalptr> 
> 
> 
> 
> cleanEx()

detaching â€˜package:data.tableâ€™

> nameEx("factor_NA2missing")
> ### * factor_NA2missing
> 
> flush(stderr()); flush(stdout())
> 
> ### Name: factor_NA2missing
> ### Title: Factor NA to "missing" level
> ### Aliases: factor_NA2missing
> 
> ### ** Examples
> 
> x <- factor(sample(letters[1:3], 100, TRUE))
> x[sample(1:100, 10)] <- NA
> xm <- factor_NA2missing(x)
> 
> 
> 
> cleanEx()
> nameEx("fct_describe")
> ### * fct_describe
> 
> flush(stderr()); flush(stdout())
> 
> ### Name: fct_describe
> ### Title: Describe factor
> ### Aliases: fct_describe
> 
> ### ** Examples
> 
> ## Not run: 
> ##D # Small number of levels
> ##D fct_describe(iris[["Species"]])
> ##D 
> ##D # Large number of levels: show top n by count
> ##D x <- factor(sample(letters, 1000, TRUE))
> ##D fct_describe(x)
> ##D fct_describe(x, 3)
> ## End(Not run)
> 
> 
> 
> cleanEx()
> nameEx("filter_order")
> ### * filter_order
> 
> flush(stderr()); flush(stdout())
> 
> ### Name: filter_order
> ### Title: Filter order
> ### Aliases: filter_order
> 
> ### ** Examples
> 
> ## Not run: 
> ##D x <- rnorm(10)
> ##D x
> ##D x[filter_order(x, x < 0)]
> ## End(Not run)
> 
> 
> 
> cleanEx()
> nameEx("fmt")
> ### * fmt
> 
> flush(stderr()); flush(stdout())
> 
> ### Name: fmt
> ### Title: Text formatting
> ### Aliases: fmt
> 
> ### ** Examples
> 
> # Simple color
> fmt("Hello", col = "red")
[1] "\033[22;38;2;255;0;0mHello\033[0m"
> 
> # Bold red text
> fmt("Error", col = "red", bold = TRUE)
[1] "\033[1;38;2;255;0;0mError\033[0m"
> 
> # Multiple styles
> fmt("Warning", col = "yellow", bold = TRUE, italic = TRUE)
[1] "\033[1;3;38;2;255;255;0mWarning\033[0m"
> 
> # With background
> fmt("Highlight", col = "white", bg = "blue", bold = TRUE)
[1] "\033[1;38;2;255;255;255;48;2;0;0;255mHighlight\033[0m"
> 
> 
> 
> cleanEx()
> nameEx("get_loaded_pkg_version")
> ### * get_loaded_pkg_version
> 
> flush(stderr()); flush(stdout())
> 
> ### Name: get_loaded_pkg_version
> ### Title: Get version of all loaded packages (namespaces)
> ### Aliases: get_loaded_pkg_version
> 
> ### ** Examples
> 
> get_loaded_pkg_version()
   Package_Name Version
1      compiler   4.5.2
2       fastmap   1.2.0
3           cli   3.6.5
4      graphics   4.5.2
5         tools   4.5.2
6     htmltools   0.5.9
7         utils   4.5.2
8     grDevices   4.5.2
9         stats   4.5.2
10     datasets   4.5.2
11   data.table 1.18.99
12           S7   0.2.1
13      methods   4.5.2
14       digest  0.6.39
15        rlang   1.1.7
16         base   4.5.2
17  rtemisutils   0.1.0
> 
> 
> 
> cleanEx()
> nameEx("get_mode")
> ### * get_mode
> 
> flush(stderr()); flush(stdout())
> 
> ### Name: get_mode
> ### Title: Get the mode of a factor or integer
> ### Aliases: get_mode
> 
> ### ** Examples
> 
> x <- c(9, 3, 4, 4, 0, 2, 2, NA)
> get_mode(x)
[1] 2
> x <- c(9, 3, 2, 2, 0, 4, 4, NA)
> get_mode(x)
[1] 4
> get_mode(x, getlast = FALSE)
[1] 2
> 
> 
> 
> cleanEx()
> nameEx("get_output_type")
> ### * get_output_type
> 
> flush(stderr()); flush(stdout())
> 
> ### Name: get_output_type
> ### Title: Get output type
> ### Aliases: get_output_type
> 
> ### ** Examples
> 
> get_output_type()
[1] "ansi"
> 
> 
> 
> cleanEx()
> nameEx("getnames")
> ### * getnames
> 
> flush(stderr()); flush(stdout())
> 
> ### Name: getnames
> ### Title: Get names by string matching or class
> ### Aliases: getnames getfactornames getnumericnames getlogicalnames
> ###   getcharacternames getdatenames
> 
> ### ** Examples
> 
> getnames(iris, starts_with = "Sepal")
[1] "Sepal.Length" "Sepal.Width" 
> getnames(iris, ends_with = "Width")
[1] "Sepal.Width" "Petal.Width"
> 
> 
> 
> cleanEx()
> nameEx("graph_node_metrics")
> ### * graph_node_metrics
> 
> flush(stderr()); flush(stdout())
> 
> ### Name: graph_node_metrics
> ### Title: Node-wise (i.e. vertex-wise) graph metrics
> ### Aliases: graph_node_metrics
> 
> ### ** Examples
> 
> ## Not run: 
> ##D datcor <- cor(rnormmat(20, 20, seed = 2021))
> ##D datcor[sample(seq(datcor), 250)] <- 0
> ##D x <- igraph::graph_from_adjacency_matrix(
> ##D   adjmatrix = datcor,
> ##D   mode = "lower",
> ##D   weighted = TRUE,
> ##D   diag = FALSE
> ##D )
> ##D 
> ##D graph_node_metrics(x)
> ## End(Not run)
> 
> 
> 
> cleanEx()
> nameEx("iflengthy")
> ### * iflengthy
> 
> flush(stderr()); flush(stdout())
> 
> ### Name: iflengthy
> ### Title: Return object if it has length > 0
> ### Aliases: iflengthy
> 
> ### ** Examples
> 
> x <- 2:4
> iflengthy(x)
[1] 2 3 4
> y <- list()
> iflengthy(y)
NULL
> 
> 
> 
> cleanEx()
> nameEx("index_col_by_attr")
> ### * index_col_by_attr
> 
> flush(stderr()); flush(stdout())
> 
> ### Name: index_col_by_attr
> ### Title: Index columns by attribute name & value
> ### Aliases: index_col_by_attr
> 
> ### ** Examples
> 
> library(data.table)
> x <- data.table(
+   id = 1:5,
+   sbp = rnorm(5, 120, 15),
+   dbp = rnorm(5, 80, 10),
+   paO2 = rnorm(5, 90, 10),
+   paCO2 = rnorm(5, 40, 5)
+ )
> setattr(x[["sbp"]], "source", "outpatient")
> setattr(x[["dbp"]], "source", "outpatient")
> setattr(x[["paO2"]], "source", "icu")
> setattr(x[["paCO2"]], "source", "icu")
> index_col_by_attr(x, "source", "icu")
 paO2 paCO2 
    3     4 
> 
> 
> 
> cleanEx()

detaching â€˜package:data.tableâ€™

> nameEx("inspect_type")
> ### * inspect_type
> 
> flush(stderr()); flush(stdout())
> 
> ### Name: inspect_type
> ### Title: Inspect character and factor vector
> ### Aliases: inspect_type
> 
> ### ** Examples
> 
> x <- c("3", "5", "undefined", "21", "4", NA)
> inspect_type(x)
[22;38;2;128;128;128m2026-02-07 13:13:18 [0m[0mPossible type error: [1;38;2;0;178;178mx[0m is a [1mcharacter[0m, but perhaps should be [1mnumeric[0m.[0m[22;38;2;128;128;128m [inspect_type][0m
[1] "numeric"
> z <- c("mango", "banana", "tangerine", NA)
> inspect_type(z)
[1] "character"
> 
> 
> 
> cleanEx()
> nameEx("is_constant")
> ### * is_constant
> 
> flush(stderr()); flush(stdout())
> 
> ### Name: is_constant
> ### Title: Check if vector is constant
> ### Aliases: is_constant
> 
> ### ** Examples
> 
> ## Not run: 
> ##D x <- rep(9, 1000000)
> ##D is_constant(x)
> ##D x[10] <- NA
> ##D is_constant(x)
> ##D is_constant(x, skip_missing = TRUE)
> ## End(Not run)
> 
> 
> 
> cleanEx()
> nameEx("labelify")
> ### * labelify
> 
> flush(stderr()); flush(stdout())
> 
> ### Name: labelify
> ### Title: Format text for label printing
> ### Aliases: labelify
> 
> ### ** Examples
> 
> x <- c("county_name", "total.cost$", "age", "weight.kg")
> labelify(x)
[1] "County Name" "Total Cost"  "Age"         "Weight Kg"  
> 
> 
> 
> cleanEx()
> nameEx("list2csv")
> ### * list2csv
> 
> flush(stderr()); flush(stdout())
> 
> ### Name: list2csv
> ### Title: Write list elements to CSV files
> ### Aliases: list2csv
> 
> ### ** Examples
> 
> ## Not run: 
> ##D x <- list(
> ##D    iris = iris,
> ##D    iris_normalized = as.data.frame(scale(iris[, -5]))
> ##D )
> ##D outdir <- "./exports"
> ##D list2csv(x, outdir)
> ## End(Not run)
> 
> 
> 
> cleanEx()
> nameEx("lotri2edgeList")
> ### * lotri2edgeList
> 
> flush(stderr()); flush(stdout())
> 
> ### Name: lotri2edgeList
> ### Title: Connectivity Matrix to Edge List
> ### Aliases: lotri2edgeList
> 
> ### ** Examples
> 
> A <- matrix(rnorm(100), nrow = 10)
> A[lower.tri(A)] <- t(A)[lower.tri(A)]
> diag(A) <- 1
> edgelist <- lotri2edgeList(A, filename = NULL)
[22;38;2;128;128;128m2026-02-07 13:13:18 [0m[0mInput dimensions are c(10, 10)[0m[22;38;2;128;128;128m [lotri2edgeList][0m
> head(edgelist)
  NodeA NodeB     Weight
1     1     2  1.5117812
2     1     3  0.9189774
3     1     4  1.3586796
4     1     5 -0.1645236
5     1     6  0.3981059
6     1     7  2.4016178
> 
> 
> 
> cleanEx()
> nameEx("matchcases")
> ### * matchcases
> 
> flush(stderr()); flush(stdout())
> 
> ### Name: matchcases
> ### Title: Match cases by covariates
> ### Aliases: matchcases
> 
> ### ** Examples
> 
> ## Not run: 
> ##D set.seed(2021)
> ##D cases <- data.frame(
> ##D   PID = paste0("PID", seq(4)),
> ##D   Sex = factor(c(1, 1, 0, 0)),
> ##D   Handedness = factor(c(1, 1, 0, 1)),
> ##D   Age = c(21, 27, 39, 24),
> ##D   Var = c(.7, .8, .9, .6),
> ##D   Varx = rnorm(4)
> ##D )
> ##D controls <- data.frame(
> ##D   CID = paste0("CID", seq(50)),
> ##D   Sex = factor(sample(c(0, 1), 50, TRUE)),
> ##D   Handedness = factor(sample(c(0, 1), 50, TRUE, c(.1, .9))),
> ##D   Age = sample(16:42, 50, TRUE),
> ##D   Var = rnorm(50),
> ##D   Vary = rnorm(50)
> ##D )
> ##D 
> ##D mc <- matchcases(cases, controls, 2, "PID", "CID")
> ## End(Not run)
> 
> 
> 
> cleanEx()
> nameEx("mgetnames")
> ### * mgetnames
> 
> flush(stderr()); flush(stdout())
> 
> ### Name: mgetnames
> ### Title: Get names by string matching multiple patterns
> ### Aliases: mgetnames
> 
> ### ** Examples
> 
> mgetnames(iris, pattern = c("Sepal", "Petal"))
[1] "Sepal.Length" "Sepal.Width"  "Petal.Length" "Petal.Width" 
> mgetnames(iris, starts_with = "Sepal")
[1] "Sepal.Length" "Sepal.Width" 
> mgetnames(iris, ends_with = "Width")
[1] "Sepal.Width" "Petal.Width"
> 
> 
> 
> cleanEx()
> nameEx("msg")
> ### * msg
> 
> flush(stderr()); flush(stdout())
> 
> ### Name: msg
> ### Title: Message with provenance
> ### Aliases: msg msg0
> 
> ### ** Examples
> 
> msg("Hello, world!")
[22;38;2;128;128;128m2026-02-07 13:13:18 [0m[0mHello, world!
> x <- 42L
> msg0("The answer is what you think it is (", x, ").")
[22;38;2;128;128;128m2026-02-07 13:13:18 [0m[0mThe answer is what you think it is (42).
> 
> 
> 
> cleanEx()
> nameEx("names_by_class")
> ### * names_by_class
> 
> flush(stderr()); flush(stdout())
> 
> ### Name: names_by_class
> ### Title: List column names by class
> ### Aliases: names_by_class
> 
> ### ** Examples
> 
> names_by_class(iris)
[1;38;2;0;178;178m  numeric[0m: [22;38;2;128;128;128m<chr> [0mPetal.Length, Petal.Width, Sepal.Length, Sepal.Width
[1;38;2;0;178;178m   factor[0m: [22;38;2;128;128;128m<chr> [0mSpecies
> 
> 
> 
> cleanEx()
> nameEx("pcat")
> ### * pcat
> 
> flush(stderr()); flush(stdout())
> 
> ### Name: pcat
> ### Title: Pad-cat
> ### Aliases: pcat
> 
> ### ** Examples
> 
> ## Not run: 
> ##D {
> ##D   msg("Hello")
> ##D   pcat("super", "wow")
> ##D   pcat(NULL, "oooo")
> ##D }
> ## End(Not run)
> 
> 
> 
> cleanEx()
> nameEx("previewcolor")
> ### * previewcolor
> 
> flush(stderr()); flush(stdout())
> 
> ### Name: previewcolor
> ### Title: Preview color
> ### Aliases: previewcolor
> 
> ### ** Examples
> 
> ## Not run: 
> ##D colors <- colorgradient_x(seq(-5, 5))
> ##D previewcolor(colors)
> ## End(Not run)
> 
> 
> 
> cleanEx()
> nameEx("qstat")
> ### * qstat
> 
> flush(stderr()); flush(stdout())
> 
> ### Name: qstat
> ### Title: SGE qstat
> ### Aliases: qstat
> 
> ### ** Examples
> 
> ## Not run: 
> ##D qstat()
> ## End(Not run)
> 
> 
> 
> cleanEx()
> nameEx("repr_S7name")
> ### * repr_S7name
> 
> flush(stderr()); flush(stdout())
> 
> ### Name: repr_S7name
> ### Title: Show S7 class name
> ### Aliases: repr_S7name
> ### Keywords: internal
> 
> ### ** Examples
> 
> repr_S7name("Supervised") |> cat()
<Supervised>
> 
> 
> 
> cleanEx()
> nameEx("rnormmat")
> ### * rnormmat
> 
> flush(stderr()); flush(stdout())
> 
> ### Name: rnormmat
> ### Title: Random Normal Matrix
> ### Aliases: rnormmat
> 
> ### ** Examples
> 
> x <- rnormmat(20, 5, mean = 12, sd = 6, return_df = TRUE, seed = 2026)
> x
          V1        V2        V3        V4         V5
1  15.123534 10.027968  5.056477 11.151176  5.0665352
2   5.521855 11.011911 16.667993 13.003979 21.0534981
3  12.835429  3.647827  4.774669 10.807268  5.0670230
4  11.491507 20.794949 13.840285 10.252757  2.6591291
5   8.000162 12.289241  6.998049  1.593618 11.6685124
6  -3.096534 23.448503 20.508847 10.363630 17.0951590
7   7.589119 22.385667 16.270717  1.200423 11.9334197
8   5.879266 12.348875  9.585014 18.916446  7.4381170
9  12.681327 15.871969 16.796173  5.980083 19.0547955
10  9.157254 22.353774 14.558907 12.889260 26.4866983
11  9.550712  8.826198  4.980608 15.116980  0.2489234
12  7.617400 12.998352 10.762799 12.032618 20.8415394
13 10.671380 10.471659  6.416338 20.082125  9.1506962
14 10.645101 13.996694 14.696385  6.917799 17.8870259
15 -3.281289 13.094597  8.131161 14.660388  1.0538687
16 20.082009 18.987562 10.611464  6.137103 10.4363351
17 15.698449 15.560957  4.581792 24.746947  6.2469281
18 13.305386  6.649322  6.234268 16.126194  9.0582257
19  7.171687 15.463520 12.803738  9.939791  5.5362197
20 16.138481  7.050567  6.005684 16.711017 14.2165555
> 
> 
> 
> cleanEx()
> nameEx("rt_reactable")
> ### * rt_reactable
> 
> flush(stderr()); flush(stdout())
> 
> ### Name: rt_reactable
> ### Title: View table using reactable
> ### Aliases: rt_reactable
> 
> ### ** Examples
> 
> ## Not run: 
> ##D # needs html viewer
> ##D rt_reactable(iris, datatypes = sapply(iris, class))
> ## End(Not run)
> 
> 
> 
> cleanEx()
> nameEx("rtemis_colors")
> ### * rtemis_colors
> 
> flush(stderr()); flush(stdout())
> 
> ### Name: rtemis_colors
> ### Title: rtemis Color System
> ### Aliases: rtemis_colors
> ### Keywords: datasets
> 
> ### ** Examples
> 
> rtemis_colors[["rt_teal"]]
[1] "#00b2b2"
> 
> 
> 
> 
> cleanEx()
> nameEx("rtpalette")
> ### * rtpalette
> 
> flush(stderr()); flush(stdout())
> 
> ### Name: rtpalette
> ### Title: Color Palettes
> ### Aliases: rtpalette
> 
> ### ** Examples
> 
> # Print available palettes
> rtpalette()
[22;38;2;128;128;128m2026-02-07 13:13:18 [0m[0m[1;38;2;0;178;178mThe following palettes are available:[0m[0m[22;38;2;128;128;128m [rtpalette][0m
 [1] "ucsfCol"             "pennCol"             "imperialCol"        
 [4] "stanfordCol"         "ucdCol"              "berkeleyCol"        
 [7] "ucscCol"             "ucmercedCol"         "ucsbCol"            
[10] "uclaCol"             "ucrColor"            "uciCol"             
[13] "ucsdCol"             "ucCol"               "scrippsCol"         
[16] "caltechCol"          "cmuCol"              "princetonCol"       
[19] "columbiaCol"         "yaleCol"             "brownCol"           
[22] "cornellCol"          "hmsCol"              "dartmouthCol"       
[25] "usfCol"              "uwCol"               "jhuCol"             
[28] "nyuCol"              "washuCol"            "chicagoCol"         
[31] "pennstateCol"        "msuCol"              "michiganCol"        
[34] "iowaCol"             "texasCol"            "techCol"            
[37] "jeffersonCol"        "hawaiiCol"           "nihCol"             
[40] "torontoCol"          "mcgillCol"           "uclCol"             
[43] "oxfordCol"           "nhsCol"              "ethCol"             
[46] "rwthCol"             "firefoxCol"          "mozillaCol"         
[49] "appleCol"            "googleCol"           "amazonCol"          
[52] "microsoftCol"        "pantoneBalancingAct" "pantoneWellspring"  
[55] "pantoneAmusements"   "grays"               "rtCol1"             
[58] "rtms"               
> # Get the Imperial palette
> rtpalette("imperial")
$navy
[1] "#002147"

$imperialBlue
[1] "#003E74"

$lightGrey
[1] "#EBEEEE"

$coolGrey
[1] "#9D9D9D"

$lightBlue
[1] "#D4EFFC"

$blue
[1] "#006EAF"

$processBlue
[1] "#0091D4"

$poolBlue
[1] "#00ACD7"

$darkTeal
[1] "#0F8291"

$teal
[1] "#009CBC"

$seaglass
[1] "#379f9f"

$darkGreen
[1] "#02893B"

$kermitGreen
[1] "#66A40A"

$lime
[1] "#BBCE00"

$orange
[1] "#D24000"

$tangerine
[1] "#EC7300"

$lemonYellow
[1] "#FFDD00"

$brick
[1] "#A51900"

$red
[1] "#DD2501"

$cherry
[1] "#E40043"

$raspberry
[1] "#9F004E"

$magentaPink
[1] "#C81E78"

$iris
[1] "#751E66"

$violet
[1] "#960078"

$plum
[1] "#321E6D"

$purple
[1] "#653098"

> 
> 
> 
> cleanEx()
> nameEx("rtversion")
> ### * rtversion
> 
> flush(stderr()); flush(stdout())
> 
> ### Name: rtversion
> ### Title: Get rtemis version and system info
> ### Aliases: rtversion
> 
> ### ** Examples
> 
> rtversion()
[1m  rtemis_version[0m: 1.0.0
[1m         sysname[0m: Darwin
[1m         release[0m: 25.2.0
[1m         version[0m: Darwin Kernel Version 25.2.0: Tue Nov 18 21:09:40 PST 2025; root:xnu-12377.61.12~1/RELEASE_ARM64_T6000
[1m        nodename[0m: live.local
[1m         machine[0m: arm64
[1m           login[0m: egenn
[1m            user[0m: egenn
[1m  effective_user[0m: egenn
> 
> 
> 
> cleanEx()
> nameEx("runifmat")
> ### * runifmat
> 
> flush(stderr()); flush(stdout())
> 
> ### Name: runifmat
> ### Title: Random Uniform Matrix
> ### Aliases: runifmat
> 
> ### ** Examples
> 
> x <- runifmat(20, 5, min = 12, max = 18, return_df = TRUE, seed = 2026)
> x
         V1       V2       V3       V4       V5
1  16.19204 14.04935 14.22721 13.79049 12.74151
2  15.33918 14.06063 17.24867 17.37344 17.70928
3  12.84084 13.39538 14.60758 15.39645 16.69029
4  13.71434 12.36821 14.64082 14.73305 17.77282
5  15.33221 14.47426 12.49174 14.39681 12.68551
6  12.15079 13.11307 12.20772 12.49803 17.86531
7  14.79738 14.46403 17.57191 15.78210 15.72282
8  17.16606 12.84049 13.76740 14.79057 17.56456
9  13.51501 12.03261 15.11535 15.43427 13.21342
10 15.48484 15.61043 13.41838 15.97339 13.29318
11 12.03560 17.46606 17.83086 17.26745 17.53155
12 16.15120 13.05218 15.79507 14.27362 16.33269
13 13.38675 16.38712 17.74961 16.34145 16.57021
14 17.09119 12.09694 17.31812 17.14715 13.71166
15 12.92301 15.51669 15.13910 13.11753 14.06195
16 14.14086 14.55491 16.29549 15.79619 14.04836
17 15.27123 13.26295 16.44386 16.30869 16.72776
18 12.00719 14.86320 12.27538 15.25084 14.18700
19 13.90695 16.52894 17.74676 13.22828 15.99074
20 12.10374 14.68098 13.20682 17.39993 14.23687
> 
> 
> 
> cleanEx()
> nameEx("setdiffsym")
> ### * setdiffsym
> 
> flush(stderr()); flush(stdout())
> 
> ### Name: setdiffsym
> ### Title: Symmetric Set Difference
> ### Aliases: setdiffsym
> 
> ### ** Examples
> 
> setdiff(1:10, 1:5)
[1]  6  7  8  9 10
> setdiff(1:5, 1:10)
integer(0)
> setdiffsym(1:10, 1:5)
[1]  6  7  8  9 10
> setdiffsym(1:5, 1:10)
[1]  6  7  8  9 10
> 
> 
> 
> cleanEx()
> nameEx("sge_submit")
> ### * sge_submit
> 
> flush(stderr()); flush(stdout())
> 
> ### Name: sge_submit
> ### Title: Submit expression to SGE grid
> ### Aliases: sge_submit
> 
> ### ** Examples
> 
> ## Not run: 
> ##D sge_submit({
> ##D   # Your code here
> ##D }, obj_names = c("df1", "model1"), packages = c("rtemis", "data.table"),
> ##D queue = "all.q", n_workers = 4, h_rt = "01:00:00", mem_free = "4G")
> ## End(Not run)
> 
> 
> 
> cleanEx()
> nameEx("size")
> ### * size
> 
> flush(stderr()); flush(stdout())
> 
> ### Name: size
> ### Title: Size of object
> ### Aliases: size
> 
> ### ** Examples
> 
> x <- rnorm(20)
> size(x)
[1m20[0m 
> # 20
> x <- matrix(rnorm(100), 20, 5)
> size(x)
[1m20[0m[22;38;2;128;128;128m x [0m[1m5[0m 
> # 20  5
> 
> 
> 
> cleanEx()
> nameEx("table_column_attr")
> ### * table_column_attr
> 
> flush(stderr()); flush(stdout())
> 
> ### Name: table_column_attr
> ### Title: Tabulate column attributes
> ### Aliases: table_column_attr
> 
> ### ** Examples
> 
> library(data.table)
> x <- data.table(
+   id = 1:5,
+   sbp = rnorm(5, 120, 15),
+   dbp = rnorm(5, 80, 10),
+   paO2 = rnorm(5, 90, 10),
+   paCO2 = rnorm(5, 40, 5)
+ )
> setattr(x[["sbp"]], "source", "outpatient")
> setattr(x[["dbp"]], "source", "outpatient")
> setattr(x[["paO2"]], "source", "icu")
> setattr(x[["paCO2"]], "source", "icu")
> table_column_attr(x, "source")
attrs
       icu outpatient       <NA> 
         2          2          1 
> 
> 
> 
> cleanEx()

detaching â€˜package:data.tableâ€™

> nameEx("uniprot_get")
> ### * uniprot_get
> 
> flush(stderr()); flush(stdout())
> 
> ### Name: uniprot_get
> ### Title: Get protein sequence from UniProt
> ### Aliases: uniprot_get
> 
> ### ** Examples
> 
> ## Not run: 
> ##D mapt <- uniprot_get("Q9UMX9")
> ## End(Not run)
> 
> 
> 
> cleanEx()
> nameEx("uniquevalsperfeat")
> ### * uniquevalsperfeat
> 
> flush(stderr()); flush(stdout())
> 
> ### Name: uniquevalsperfeat
> ### Title: Unique values per feature
> ### Aliases: uniquevalsperfeat
> 
> ### ** Examples
> 
> ## Not run: 
> ##D uniquevalsperfeat(iris)
> ## End(Not run)
> 
> 
> 
> cleanEx()
> nameEx("xtdescribe")
> ### * xtdescribe
> 
> flush(stderr()); flush(stdout())
> 
> ### Name: xtdescribe
> ### Title: Describe longitudinal dataset
> ### Aliases: xtdescribe
> 
> ### ** Examples
> 
> ## Not run: 
> ##D # Load example longitudinal dataset
> ##D data(xt_example, package = "rtemis")
> ##D 
> ##D # Describe the longitudinal structure
> ##D xtdescribe(xt_example)
> ## End(Not run)
> 
> 
> 
> ### * <FOOTER>
> ###
> cleanEx()
> options(digits = 7L)
> base::cat("Time elapsed: ", proc.time() - base::get("ptime", pos = 'CheckExEnv'),"\n")
Time elapsed:  0.248 0.029 0.284 0 0 
> grDevices::dev.off()
null device 
          1 
> ###
> ### Local variables: ***
> ### mode: outline-minor ***
> ### outline-regexp: "\\(> \\)?### [*]+" ***
> ### End: ***
> quit('no')
